Launching lib\main.dart on sdk gphone16k x86 64 in debug mode...
Running Gradle task 'assembleDebug'...                          
flutter.bat : WARNING: A restricted method in java.lang.System has been called
At line:1 char:159
+ ... b\DateDawn; & "C:\flutter\bin\flutter.bat" run -d emulator-5554 2>&1  ...
+                 ~~~~~~~~~~~~~~~~~~~~~~~~~~~~~~~~~~~~~~~~~~~~~~~~~~~~~~~~
    + CategoryInfo          : NotSpecified: (WARNING: A rest...has been called:String) [], RemoteException
    + FullyQualifiedErrorId : NativeCommandError
 
WARNING: java.lang.System::load has been called by net.rubygrapefruit.platform.internal.NativeLibraryLoader in an 
unnamed module (file:/C:/Users/Vi/.gradle/wrapper/dists/gradle-9.3.1-all/9ot9r568e8zfvvd4mn8rbu1j0/gradle-9.3.1/lib/nat
ive-platform-0.22-milestone-29.jar)
WARNING: Use --enable-native-access=ALL-UNNAMED to avoid a warning for callers in this module
WARNING: Restricted methods will be blocked in a future release unless native access is enabled

WARNING: Your app uses the following plugins that apply Kotlin Gradle Plugin (KGP): firebase_auth, firebase_core
Future versions of Flutter will fail to build if your app uses plugins that apply KGP.

Please check the changelogs of these plugins and upgrade to a version that supports Built-in Kotlin.
If no such version exists, report the issue to the plugin. If necessary, here is a guide on filing
an issue against a plugin: https://docs.flutter.dev/release/breaking-changes/migrate-to-built-in-kotlin/for-app-develop
ers#report-incompatible-kotlin-gradle-plugin-usage-to-plugin-authors

If you are a plugin author, please migrate your plugin to Built-in Kotlin using this guide: 
https://docs.flutter.dev/release/breaking-changes/migrate-to-built-in-kotlin/for-plugin-authors
Note: C:\Users\Vi\AppData\Local\Pub\Cache\hosted\pub.dev\cloud_firestore-6.10.0\android\src\main\java\io\flutter\plugin
s\firebase\firestore\utils\PipelineStageHandlers.java uses unchecked or unsafe operations.
Note: Recompile with -Xlint:unchecked for details.
Running Gradle task 'assembleDebug'...                             61.5s
√ Built build\app\outputs\flutter-apk\app-debug.apk
Installing build\app\outputs\flutter-apk\app-debug.apk...           3.6s
Error: ADB exited with exit code 1
Performing Streamed Install

adb.exe: failed to install C:\Users\Vi\Documents\GitHub\DateDawn\build\app\outputs\flutter-apk\app-debug.apk: Failure 
[INSTALL_FAILED_UPDATE_INCOMPATIBLE: Existing package com.datedawn.app signatures do not match newer version; 
ignoring!]
Uninstalling old version...
Installing build\app\outputs\flutter-apk\app-debug.apk...           6.8s
I/FlutterActivityAndFragmentDelegate(30109): If you are attempting to set --enable-dart-profiling via Intent extras to launch a Flutter component outside of using the Flutter CLI, note that support for setting engine flags on Android via Intent will soon be dropped; see https://github.com/flutter/flutter/issues/180686 for more information on this breaking change. To migrate, set --enable-dart-profiling or any other flags specified via Intent extras on the command line instead or see https://github.com/flutter/flutter/blob/main/docs/engine/Flutter-Android-Engine-Flags.md for alternative methods.
D/FlutterJNI(30109): Beginning load of flutter...
D/FlutterJNI(30109): flutter (null) was loaded normally!
I/flutter (30109): [IMPORTANT:flutter/shell/platform/android/android_context_gl_impeller.cc(104)] Using the Impeller rendering backend (OpenGLES).
D/nativeloader(30109): Load /data/app/~~0zdKpLXwRz-dK4Z3JHL8XQ==/com.datedawn.app-_smK0IytUe5P-ubFPAoslQ==/base.apk!/lib/x86_64/libdartjni.so using class loader ns clns-9 (caller=/data/app/~~0zdKpLXwRz-dK4Z3JHL8XQ==/com.datedawn.app-_smK0IytUe5P-ubFPAoslQ==/base.apk!7): ok
I/om.datedawn.app(30109): hiddenapi: Accessing hidden method Landroid/view/accessibility/AccessibilityNodeInfo;->getSourceNodeId()J (runtime_flags=0, domain=platform, api=unsupported,test-api) from Lio/flutter/view/AccessibilityViewEmbedder$ReflectionAccessors; (domain=app, TargetSdkVersion=36) using reflection: allowed
I/om.datedawn.app(30109): hiddenapi: Accessing hidden method Landroid/view/accessibility/AccessibilityRecord;->getSourceNodeId()J (runtime_flags=0, domain=platform, api=unsupported) from Lio/flutter/view/AccessibilityViewEmbedder$ReflectionAccessors; (domain=app, TargetSdkVersion=36) using reflection: allowed
I/om.datedawn.app(30109): hiddenapi: Accessing hidden field Landroid/view/accessibility/AccessibilityNodeInfo;->mChildNodeIds:Landroid/util/LongArray; (runtime_flags=0, domain=platform, api=unsupported) from Lio/flutter/view/AccessibilityViewEmbedder$ReflectionAccessors; (domain=app, TargetSdkVersion=36) using reflection: allowed
I/om.datedawn.app(30109): hiddenapi: Accessing hidden method Landroid/util/LongArray;->get(I)J (runtime_flags=0, domain=platform, api=unsupported) from Lio/flutter/view/AccessibilityViewEmbedder$ReflectionAccessors; (domain=app, TargetSdkVersion=36) using reflection: allowed
D/AccessibilityBridge(30109): Setting not found: accessibility_display_inversion_enabled, using default: 0
D/FlutterRenderer(30109): Width is zero. 0,0
D/CompatChangeReporter(30109): Compat change id reported: 377864165; UID 10231; state: ENABLED
W/HWUI    (30109): Unknown dataspace 0
W/libc    (30109): Access denied finding property "vendor.mesa.virtgpu.kumquat"
D/WindowOnBackDispatcher(30109): setTopOnBackInvokedCallback (unwrapped): android.app.Activity$$ExternalSyntheticLambda0@df88a69
D/ProfileInstaller(30109): Installing profile for com.datedawn.app
D/WindowOnBackDispatcher(30109): setOnBackInvokedCallbackInfo: android.app.Activity$$ExternalSyntheticLambda0@df88a69
I/WindowExtensionsImpl(30109): Initializing Window Extensions, vendor API level=10, activity embedding enabled=true
W/UiContextUtils(30109): Requested context is a non-UI Context. Creating a UI-Context with display: 0. Context: Context=android.app.Application@56be81e, of which baseContext=android.app.ContextImpl@e6a9002
D/VRI[MainActivity](30109): WindowInsets changed: 1344x2992 statusBars:[0,151,0,0] navigationBars:[0,0,0,72] mandatorySystemGestures:[0,187,0,96] 
D/FlutterRenderer(30109): Width is zero. 0,0
I/Surface (30109): Creating surface for consumer unnamed-30109-0 with slotExpansion=1 for 64 slots
I/Surface (30109): Creating surface for consumer VRI[MainActivity]#0(BLAST Consumer)0 with slotExpansion=1 for 64 slots
D/FlutterJNI(30109): Sending viewport metrics to the engine.
I/Surface (30109): Creating surface for consumer unnamed-30109-1 with slotExpansion=1 for 64 slots
I/Surface (30109): Creating surface for consumer 66ddc7c SurfaceView[com.datedawn.app/com.datedawn.app.MainActivity]#1(BLAST Consumer)1 with slotExpansion=1 for 64 slots
I/om.datedawn.app(30109): Compiler allocated 4522KB to compile void android.view.ViewRootImpl.performTraversals(long)
Syncing files to device sdk gphone16k x86 64...                 
I/Choreographer(30109): Skipped 54 frames!  The application may be doing too much work on its main thread.
D/WindowLayoutComponentImpl(30109): Register WindowLayoutInfoListener on Context=com.datedawn.app.MainActivity@c061d5a, of which baseContext=android.app.ContextImpl@d9f0d75
D/FlutterJNI(30109): Sending viewport metrics to the engine.
Syncing files to device sdk gphone16k x86 64...                    902ms

Flutter run key commands.
r Hot reload. 
R Hot restart.
h List all available interactive commands.
d Detach (terminate "flutter run" but leave application running).
c Clear the screen
q Quit (terminate the application on the device).

A Dart VM Service on sdk gphone16k x86 64 is available at: http://127.0.0.1:59586/1TjMyAV7V5A=/
The Flutter DevTools debugger and profiler on sdk gphone16k x86 64 is available at: http://127.0.0.1:59586/1TjMyAV7V5A=/devtools/?uri=ws://127.0.0.1:59586/1TjMyAV7V5A=/ws
I/Choreographer(30109): Skipped 160 frames!  The application may be doing too much work on its main thread.
I/om.datedawn.app(30109): Background concurrent mark compact GC freed 2870KB AllocSpace bytes, 5(160KB) LOS objects, 49% free, 3579KB/7158KB, paused 18.215ms,33.050ms total 263.602ms
D/InsetsController(30109): hide(ime())
I/ImeTracker(30109): com.datedawn.app:fa5cb07f: onCancelled at PHASE_CLIENT_ALREADY_HIDDEN
